{
  "version": "1.5.0",
  "plugins_used": [
    {
      "name": "ArtifactoryDetector"
    },
    {
      "name": "AWSKeyDetector"
    },
    {
      "name": "AzureStorageKeyDetector"
    },
    {
      "name": "Base64HighEntropyString",
      "limit": 4.5
    },
    {
      "name": "BasicAuthDetector"
    },
    {
      "name": "CloudantDetector"
    },
    {
      "name": "DiscordBotTokenDetector"
    },
    {
      "name": "GitHubTokenDetector"
    },
    {
      "name": "GitLabTokenDetector"
    },
    {
      "name": "HexHighEntropyString",
      "limit": 3
    },
    {
      "name": "IbmCloudIamDetector"
    },
    {
      "name": "IbmCosHmacDetector"
    },
    {
      "name": "IPPublicDetector"
    },
    {
      "name": "JwtTokenDetector"
    },
    {
      "name": "KeywordDetector",
      "keyword_exclude": ""
    },
    {
      "name": "MailchimpDetector"
    },
    {
      "name": "NpmDetector"
    },
    {
      "name": "OpenAIDetector"
    },
    {
      "name": "PrivateKeyDetector"
    },
    {
      "name": "PypiTokenDetector"
    },
    {
      "name": "SendGridDetector"
    },
    {
      "name": "SlackDetector"
    },
    {
      "name": "SoftlayerDetector"
    },
    {
      "name": "SquareOAuthDetector"
    },
    {
      "name": "StripeDetector"
    },
    {
      "name": "TelegramBotTokenDetector"
    },
    {
      "name": "TwilioKeyDetector"
    }
  ],
  "filters_used": [
    {
      "path": "detect_secrets.filters.allowlist.is_line_allowlisted"
    },
    {
      "path": "detect_secrets.filters.common.is_baseline_file",
      "filename": ".secrets.baseline"
    },
    {
      "path": "detect_secrets.filters.common.is_ignored_due_to_verification_policies",
      "min_level": 2
    },
    {
      "path": "detect_secrets.filters.heuristic.is_indirect_reference"
    },
    {
      "path": "detect_secrets.filters.heuristic.is_likely_id_string"
    },
    {
      "path": "detect_secrets.filters.heuristic.is_lock_file"
    },
    {
      "path": "detect_secrets.filters.heuristic.is_not_alphanumeric_string"
    },
    {
      "path": "detect_secrets.filters.heuristic.is_potential_uuid"
    },
    {
      "path": "detect_secrets.filters.heuristic.is_prefixed_with_dollar_sign"
    },
    {
      "path": "detect_secrets.filters.heuristic.is_sequential_string"
    },
    {
      "path": "detect_secrets.filters.heuristic.is_swagger_file"
    },
    {
      "path": "detect_secrets.filters.heuristic.is_templated_secret"
    },
    {
      "path": "detect_secrets.filters.regex.should_exclude_file",
      "pattern": [
        "(^|/)(\\.git|\\.venv|\\.mypy_cache|\\.pytest_cache|\\.ruff_cache)/"
      ]
    }
  ],
  "results": {
    ".agents/skills/dart-setup-ffi-assets/SKILL.md": [
      {
        "type": "Hex High Entropy String",
        "filename": ".agents/skills/dart-setup-ffi-assets/SKILL.md",
        "hashed_secret": "fd81eae992d1d6a28a565f86ec060f28ace95c6a",
        "is_verified": false,
        "line_number": 257
      },
      {
        "type": "Hex High Entropy String",
        "filename": ".agents/skills/dart-setup-ffi-assets/SKILL.md",
        "hashed_secret": "32ea3db768d3229841b3847bc6885e4052975e73",
        "is_verified": false,
        "line_number": 258
      },
      {
        "type": "Hex High Entropy String",
        "filename": ".agents/skills/dart-setup-ffi-assets/SKILL.md",
        "hashed_secret": "077da46303a32119b02a8ecdd0aec6b372634b97",
        "is_verified": false,
        "line_number": 259
      }
    ],
    "skills-lock.json": [
      {
        "type": "Hex High Entropy String",
        "filename": "skills-lock.json",
        "hashed_secret": "4cb05aabefe4d2829fe13f027aca39a07d82ba6a",
        "is_verified": false,
        "line_number": 8
      },
      {
        "type": "Hex High Entropy String",
        "filename": "skills-lock.json",
        "hashed_secret": "e66751ab070a42c159cf774e755faca4767f7770",
        "is_verified": false,
        "line_number": 14
      },
      {
        "type": "Hex High Entropy String",
        "filename": "skills-lock.json",
        "hashed_secret": "fec988a89a8443d68f5e10d8cb67c972082f7ea9",
        "is_verified": false,
        "line_number": 20
      },
      {
        "type": "Hex High Entropy String",
        "filename": "skills-lock.json",
        "hashed_secret": "012286266c24414d20d528736a78ae8f47e4e719",
        "is_verified": false,
        "line_number": 26
      },
      {
        "type": "Hex High Entropy String",
        "filename": "skills-lock.json",
        "hashed_secret": "b66f58ce62e5166eea1787d967e2141d28ce8b04",
        "is_verified": false,
        "line_number": 32
      },
      {
        "type": "Hex High Entropy String",
        "filename": "skills-lock.json",
        "hashed_secret": "86cf67a125810e27ce165e8891f8744a3f1960d1",
        "is_verified": false,
        "line_number": 38
      },
      {
        "type": "Hex High Entropy String",
        "filename": "skills-lock.json",
        "hashed_secret": "1f758969412e692702307eeb9235c63644465321",
        "is_verified": false,
        "line_number": 44
      },
      {
        "type": "Hex High Entropy String",
        "filename": "skills-lock.json",
        "hashed_secret": "4b8f6526c50ef89c8dee4ad0e180f63551c267e9",
        "is_verified": false,
        "line_number": 50
      },
      {
        "type": "Hex High Entropy String",
        "filename": "skills-lock.json",
        "hashed_secret": "5bd1f02b7e3905c9efd89453d8ee231fec7b3280",
        "is_verified": false,
        "line_number": 56
      },
      {
        "type": "Hex High Entropy String",
        "filename": "skills-lock.json",
        "hashed_secret": "79147a54bab305c0f88603620faf12de98a3e17b",
        "is_verified": false,
        "line_number": 62
      },
      {
        "type": "Hex High Entropy String",
        "filename": "skills-lock.json",
        "hashed_secret": "44eef7089e088143fd05c2b2fefdf0477f82d8b8",
        "is_verified": false,
        "line_number": 68
      },
      {
        "type": "Hex High Entropy String",
        "filename": "skills-lock.json",
        "hashed_secret": "964f6440db11868b8d704ce55dc36e2351480a88",
        "is_verified": false,
        "line_number": 74
      },
      {
        "type": "Hex High Entropy String",
        "filename": "skills-lock.json",
        "hashed_secret": "e4e6b6e07bfbb4896ba4ddd0782124f847abe26b",
        "is_verified": false,
        "line_number": 80
      },
      {
        "type": "Hex High Entropy String",
        "filename": "skills-lock.json",
        "hashed_secret": "eb95131c881e9ab8dc624a12d79a7656cbf8a28c",
        "is_verified": false,
        "line_number": 86
      },
      {
        "type": "Hex High Entropy String",
        "filename": "skills-lock.json",
        "hashed_secret": "539d4fcbe19e466182f4cb85588daeff2733e9c0",
        "is_verified": false,
        "line_number": 92
      }
    ]
  },
  "generated_at": "2026-09-20T20:16:17Z"
}
